// Jest Snapshot v1, https://goo.gl/fbAQLP

exports[`BlockRendererList should match snapshot 1`] = `
<h1>
  Prinz Eugen
</h1>
`;
