// Jest Snapshot v1, https://goo.gl/fbAQLP

exports[`ViewChara should match snapshot 1`] = `
<div>
  <h1>
    ViewChara
  </h1>
   
  <p>
    It works!
  </p>
</div>
`;
