// Jest Snapshot v1, https://goo.gl/fbAQLP

exports[`BlockRendererParagraph should match snapshot 1`] = `
<p>
  *Yawns* ... Battleships? Nothing but small fry.
</p>
`;
