// Jest Snapshot v1, https://goo.gl/fbAQLP

exports[`CreateCharaModal should match snapshot 1`] = `<!---->`;
