// Jest Snapshot v1, https://goo.gl/fbAQLP

exports[`BlockRendererQuote should match snapshot 1`] = `
<blockquote
  class="blockquote"
>
  <p
    class="text-left"
  >
    
    Hmm... so you're the Commander? How long can you keep me amused? I'm looking forward to it.
  
  </p>
   
  <footer
    class="blockquote-footer"
  >
    
    Prinz Eugen
  
  </footer>
</blockquote>
`;
